{"timestamp":"2026-08-05T00:05:06+01:00","channel":"logout","message":"User logged out.","context":{"user_id":1}}
{"timestamp":"2026-08-05T00:05:33+01:00","channel":"security","message":"Failed login attempt.","context":{"identifier":"BFSS/2026/SSS/0001","portal":"student"}}
{"timestamp":"2026-08-05T00:05:47+01:00","channel":"security","message":"Failed login attempt.","context":{"identifier":"BFSS/2026/SSS/0001","portal":"student"}}
{"timestamp":"2026-08-05T00:06:11+01:00","channel":"security","message":"Failed login attempt.","context":{"identifier":"BFSS/2026/SSS/0001","portal":"student"}}
{"timestamp":"2026-08-05T00:07:23+01:00","channel":"login","message":"User logged in.","context":{"user_id":9,"ip_address":"::1"}}
{"timestamp":"2026-08-05T00:14:17+01:00","channel":"exception","message":"Uncaught PDOException: SQLSTATE[42000]: Syntax error or access violation: 1064 You have an error in your SQL syntax; check the manual that corresponds to your MariaDB server version for the right syntax to use near '?' at line 1 in C:\\xampp\\htdocs\\tech\\app\\Core\\Database.php:81\nStack trace:\n#0 C:\\xampp\\htdocs\\tech\\app\\Core\\Database.php(81): PDO->prepare('SHOW TABLES LIK...')\n#1 C:\\xampp\\htdocs\\tech\\app\\Core\\Database.php(105): App\\Core\\Database->query('SHOW TABLES LIK...', Array)\n#2 Command line code(7): App\\Core\\Database->fetchOne('SHOW TABLES LIK...', Array)\n#3 {main}\n  thrown","context":{"class":"ErrorException","file":"C:\\xampp\\htdocs\\tech\\app\\Core\\Database.php","line":81,"trace":"#0 [internal function]: App\\Core\\ExceptionHandler::App\\Core\\{closure}()\n#1 {main}"}}
{"timestamp":"2026-08-05T00:29:38+01:00","channel":"logout","message":"User logged out.","context":{"user_id":1}}
{"timestamp":"2026-08-05T00:31:44+01:00","channel":"login","message":"User logged in.","context":{"user_id":3,"ip_address":"::1"}}
{"timestamp":"2026-08-05T00:42:52+01:00","channel":"login","message":"User logged in.","context":{"user_id":1,"ip_address":"::1"}}
{"timestamp":"2026-08-05T01:14:06+01:00","channel":"exception","message":"Uncaught PDOException: SQLSTATE[42S22]: Column not found: 1054 Unknown column 'role' in 'field list' in C:\\xampp\\htdocs\\tech\\app\\Core\\Database.php:81\nStack trace:\n#0 C:\\xampp\\htdocs\\tech\\app\\Core\\Database.php(81): PDO->prepare('SELECT id, user...')\n#1 C:\\xampp\\htdocs\\tech\\app\\Core\\Database.php(118): App\\Core\\Database->query('SELECT id, user...', Array)\n#2 Command line code(5): App\\Core\\Database->fetchAll('SELECT id, user...')\n#3 {main}\n  thrown","context":{"class":"ErrorException","file":"C:\\xampp\\htdocs\\tech\\app\\Core\\Database.php","line":81,"trace":"#0 [internal function]: App\\Core\\ExceptionHandler::App\\Core\\{closure}()\n#1 {main}"}}
{"timestamp":"2026-08-05T01:15:56+01:00","channel":"login","message":"User logged in.","context":{"user_id":1,"ip_address":"::1"}}
{"timestamp":"2026-08-05T01:26:24+01:00","channel":"logout","message":"User logged out.","context":{"user_id":1}}
{"timestamp":"2026-08-05T01:26:44+01:00","channel":"login","message":"User logged in.","context":{"user_id":3,"ip_address":"::1"}}
{"timestamp":"2026-08-05T01:27:51+01:00","channel":"logout","message":"User logged out.","context":{"user_id":3}}
{"timestamp":"2026-08-05T01:28:26+01:00","channel":"login","message":"User logged in.","context":{"user_id":1,"ip_address":"::1"}}
{"timestamp":"2026-08-05T01:41:02+01:00","channel":"logout","message":"User logged out.","context":{"user_id":1}}
{"timestamp":"2026-08-05T01:41:23+01:00","channel":"security","message":"Failed login attempt.","context":{"identifier":"admin","portal":"admin"}}
{"timestamp":"2026-08-05T01:41:42+01:00","channel":"login","message":"User logged in.","context":{"user_id":1,"ip_address":"::1"}}
{"timestamp":"2026-08-05T09:57:30+01:00","channel":"exception","message":"Uncaught Error: Call to private App\\Core\\Database::__construct() from global scope in Command line code:8\nStack trace:\n#0 {main}\n  thrown","context":{"class":"ErrorException","file":"Command line code","line":8,"trace":"#0 [internal function]: App\\Core\\ExceptionHandler::App\\Core\\{closure}()\n#1 {main}"}}
{"timestamp":"2026-08-05T10:33:20+01:00","channel":"login","message":"User logged in.","context":{"user_id":2,"ip_address":"::1"}}
{"timestamp":"2026-08-05T10:37:42+01:00","channel":"logout","message":"User logged out.","context":{"user_id":2}}
{"timestamp":"2026-08-05T10:38:01+01:00","channel":"login","message":"User logged in.","context":{"user_id":3,"ip_address":"::1"}}
{"timestamp":"2026-08-05T10:39:49+01:00","channel":"logout","message":"User logged out.","context":{"user_id":3}}
{"timestamp":"2026-08-05T10:39:59+01:00","channel":"login","message":"User logged in.","context":{"user_id":9,"ip_address":"::1"}}
{"timestamp":"2026-08-05T10:52:03+01:00","channel":"login","message":"User logged in.","context":{"user_id":9,"ip_address":"::1"}}
{"timestamp":"2026-08-05T11:10:54+01:00","channel":"logout","message":"User logged out.","context":{"user_id":9}}
{"timestamp":"2026-08-05T11:11:22+01:00","channel":"login","message":"User logged in.","context":{"user_id":2,"ip_address":"::1"}}
{"timestamp":"2026-08-05T11:11:54+01:00","channel":"login","message":"User logged in.","context":{"user_id":3,"ip_address":"::1"}}
{"timestamp":"2026-08-05T11:12:43+01:00","channel":"login","message":"User logged in.","context":{"user_id":9,"ip_address":"::1"}}
{"timestamp":"2026-08-05T11:13:02+01:00","channel":"logout","message":"User logged out.","context":{"user_id":9}}
{"timestamp":"2026-08-05T11:13:13+01:00","channel":"login","message":"User logged in.","context":{"user_id":9,"ip_address":"::1"}}
{"timestamp":"2026-08-05T11:16:21+01:00","channel":"login","message":"User logged in.","context":{"user_id":9,"ip_address":"192.168.0.137"}}
{"timestamp":"2026-08-05T11:16:48+01:00","channel":"login","message":"User logged in.","context":{"user_id":9,"ip_address":"192.168.0.137"}}
{"timestamp":"2026-08-05T11:18:52+01:00","channel":"logout","message":"User logged out.","context":{"user_id":9}}
{"timestamp":"2026-08-05T11:19:00+01:00","channel":"security","message":"Failed login attempt.","context":{"identifier":"UMACHI-0005","portal":"student"}}
{"timestamp":"2026-08-05T11:19:48+01:00","channel":"logout","message":"User logged out.","context":{"user_id":9}}
{"timestamp":"2026-08-05T11:20:01+01:00","channel":"login","message":"User logged in.","context":{"user_id":1,"ip_address":"::1"}}
{"timestamp":"2026-08-05T11:21:06+01:00","channel":"logout","message":"User logged out.","context":{"user_id":1}}
{"timestamp":"2026-08-05T11:21:27+01:00","channel":"login","message":"User logged in.","context":{"user_id":1,"ip_address":"::1"}}
{"timestamp":"2026-08-05T20:45:03+01:00","channel":"login","message":"User logged in.","context":{"user_id":2,"ip_address":"::1"}}
{"timestamp":"2026-08-05T20:48:40+01:00","channel":"logout","message":"User logged out.","context":{"user_id":2}}
{"timestamp":"2026-08-05T20:48:52+01:00","channel":"login","message":"User logged in.","context":{"user_id":9,"ip_address":"::1"}}
{"timestamp":"2026-08-05T20:49:22+01:00","channel":"logout","message":"User logged out.","context":{"user_id":9}}
{"timestamp":"2026-08-05T20:49:42+01:00","channel":"login","message":"User logged in.","context":{"user_id":1,"ip_address":"::1"}}
{"timestamp":"2026-08-05T20:50:18+01:00","channel":"logout","message":"User logged out.","context":{"user_id":1}}
{"timestamp":"2026-08-05T20:50:28+01:00","channel":"login","message":"User logged in.","context":{"user_id":9,"ip_address":"::1"}}
{"timestamp":"2026-08-05T20:50:50+01:00","channel":"logout","message":"User logged out.","context":{"user_id":9}}
{"timestamp":"2026-08-05T20:50:55+01:00","channel":"security","message":"Failed login attempt.","context":{"identifier":"BFSS/2026/SSS/0001","portal":"student"}}
{"timestamp":"2026-08-05T20:51:08+01:00","channel":"security","message":"Failed login attempt.","context":{"identifier":"BFSS/2026/SSS/0001","portal":"student"}}
{"timestamp":"2026-08-05T20:51:16+01:00","channel":"login","message":"User logged in.","context":{"user_id":9,"ip_address":"::1"}}
{"timestamp":"2026-08-05T20:51:48+01:00","channel":"logout","message":"User logged out.","context":{"user_id":9}}
{"timestamp":"2026-08-05T20:52:05+01:00","channel":"login","message":"User logged in.","context":{"user_id":1,"ip_address":"::1"}}
{"timestamp":"2026-08-05T20:54:09+01:00","channel":"logout","message":"User logged out.","context":{"user_id":1}}
{"timestamp":"2026-08-05T20:54:24+01:00","channel":"login","message":"User logged in.","context":{"user_id":4,"ip_address":"::1"}}
{"timestamp":"2026-08-05T21:04:17+01:00","channel":"login","message":"User logged in.","context":{"user_id":2,"ip_address":"::1"}}
{"timestamp":"2026-08-05T21:05:10+01:00","channel":"login","message":"User logged in.","context":{"user_id":9,"ip_address":"::1"}}
{"timestamp":"2026-08-05T21:12:46+01:00","channel":"exception","message":"Uncaught TypeError: App\\Services\\FinanceService::studentBillingSummary(): Argument #1 ($studentId) must be of type int, null given, called in Command line code on line 9 and defined in C:\\xampp\\htdocs\\tech\\app\\Services\\FinanceService.php:73\nStack trace:\n#0 Command line code(9): App\\Services\\FinanceService->studentBillingSummary(NULL)\n#1 {main}\n  thrown","context":{"class":"ErrorException","file":"C:\\xampp\\htdocs\\tech\\app\\Services\\FinanceService.php","line":73,"trace":"#0 [internal function]: App\\Core\\ExceptionHandler::App\\Core\\{closure}()\n#1 {main}"}}
{"timestamp":"2026-08-05T21:18:01+01:00","channel":"logout","message":"User logged out.","context":{"user_id":4}}
{"timestamp":"2026-08-05T21:18:24+01:00","channel":"login","message":"User logged in.","context":{"user_id":1,"ip_address":"::1"}}
{"timestamp":"2026-08-05T21:19:15+01:00","channel":"logout","message":"User logged out.","context":{"user_id":1}}
{"timestamp":"2026-08-05T21:19:37+01:00","channel":"login","message":"User logged in.","context":{"user_id":2,"ip_address":"::1"}}
{"timestamp":"2026-08-05T21:23:21+01:00","channel":"logout","message":"User logged out.","context":{"user_id":2}}
{"timestamp":"2026-08-05T21:23:37+01:00","channel":"login","message":"User logged in.","context":{"user_id":8,"ip_address":"::1"}}
{"timestamp":"2026-08-05T21:28:22+01:00","channel":"login","message":"User logged in.","context":{"user_id":8,"ip_address":"::1"}}
{"timestamp":"2026-08-05T21:43:29+01:00","channel":"logout","message":"User logged out.","context":{"user_id":8}}
{"timestamp":"2026-08-05T21:43:54+01:00","channel":"security","message":"Failed login attempt.","context":{"identifier":"Accountant","portal":"accountant"}}
{"timestamp":"2026-08-05T21:46:19+01:00","channel":"login","message":"User logged in.","context":{"user_id":3,"ip_address":"::1"}}
{"timestamp":"2026-08-05T21:48:29+01:00","channel":"security","message":"Failed login attempt.","context":{"identifier":"BFSS/2026/SSS/0001","portal":"student"}}
{"timestamp":"2026-08-05T21:48:42+01:00","channel":"login","message":"User logged in.","context":{"user_id":8,"ip_address":"192.168.0.137"}}
{"timestamp":"2026-08-05T21:53:18+01:00","channel":"logout","message":"User logged out.","context":{"user_id":3}}
{"timestamp":"2026-08-05T21:53:31+01:00","channel":"login","message":"User logged in.","context":{"user_id":1,"ip_address":"::1"}}
{"timestamp":"2026-08-05T21:56:04+01:00","channel":"logout","message":"User logged out.","context":{"user_id":1}}
{"timestamp":"2026-08-05T21:56:35+01:00","channel":"login","message":"User logged in.","context":{"user_id":3,"ip_address":"::1"}}
{"timestamp":"2026-08-05T22:04:45+01:00","channel":"logout","message":"User logged out.","context":{"user_id":3}}
{"timestamp":"2026-08-05T22:04:58+01:00","channel":"login","message":"User logged in.","context":{"user_id":1,"ip_address":"::1"}}
{"timestamp":"2026-08-05T22:12:55+01:00","channel":"logout","message":"User logged out.","context":{"user_id":1}}
{"timestamp":"2026-08-05T22:13:19+01:00","channel":"login","message":"User logged in.","context":{"user_id":2,"ip_address":"::1"}}
{"timestamp":"2026-08-05T22:28:06+01:00","channel":"logout","message":"User logged out.","context":{"user_id":8}}
{"timestamp":"2026-08-05T22:28:32+01:00","channel":"login","message":"User logged in.","context":{"user_id":2,"ip_address":"::1"}}
{"timestamp":"2026-08-05T23:04:54+01:00","channel":"logout","message":"User logged out.","context":{"user_id":2}}
{"timestamp":"2026-08-05T23:05:07+01:00","channel":"login","message":"User logged in.","context":{"user_id":8,"ip_address":"::1"}}
{"timestamp":"2026-08-05T23:14:01+01:00","channel":"logout","message":"User logged out.","context":{"user_id":8}}
{"timestamp":"2026-08-05T23:25:31+01:00","channel":"logout","message":"User logged out.","context":{"user_id":8}}
{"timestamp":"2026-08-05T23:25:39+01:00","channel":"login","message":"User logged in.","context":{"user_id":9,"ip_address":"::1"}}
{"timestamp":"2026-08-05T23:28:46+01:00","channel":"login","message":"User logged in.","context":{"user_id":8,"ip_address":"192.168.0.137"}}
{"timestamp":"2026-08-05T23:33:18+01:00","channel":"logout","message":"User logged out.","context":{"user_id":9}}
{"timestamp":"2026-08-05T23:33:25+01:00","channel":"login","message":"User logged in.","context":{"user_id":8,"ip_address":"::1"}}
